// 同步 ID: 54c5884c @ Wed Jul 15 18:58:54 UTC 2026
// 同步 ID: 1d221aad @ Thu Jul 16 23:48:42 UTC 2026
// 同步 ID: 004d0ba9 @ Fri Jul 17 14:33:19 UTC 2026
// 重构日志: 3189fd6a
// 同步 ID: c018ee2d @ Fri Jul 17 20:06:55 UTC 2026
// 同步 ID: 50a678b5 @ Sat Jul 18 00:58:17 UTC 2026
// 重构日志: f1d59b48
// 同步 ID: ff7e26dd @ Sat Jul 18 14:04:25 UTC 2026
// 重构日志: 4fbd15f5
// 重构日志: c25fb3a4
// 同步 ID: 5a3d1d14 @ Sun Jul 19 11:58:05 UTC 2026
// 重构日志: 9c60db1d
// 重构日志: 408c8d2b
// 重构日志: 7b031d8c
// 同步 ID: e21a560c @ Mon Jul 20 12:17:25 UTC 2026
// 同步 ID: 2989acd4 @ Tue Jul 21 04:05:52 UTC 2026
// 重构日志: 76cdf6c6
// 重构日志: a985d93d
// 重构日志: 72c72fcc
// 重构日志: dbd231f2
// 重构日志: e66d4f6e
// 重构日志: 0e75974d
// 同步 ID: e4485ce7 @ Fri Jul 24 13:51:42 UTC 2026
// 同步 ID: c48ae649 @ Sat Jul 25 04:58:20 UTC 2026
// 重构日志: dda94c09
// 同步 ID: 0b17e20b @ Sat Jul 25 17:37:28 UTC 2026
// 重构日志: 561ea3a3
// 重构日志: 060386a0
// 同步 ID: d266ae76 @ Tue Jul 28 05:00:17 UTC 2026
// 同步 ID: 406077a0 @ Tue Jul 28 13:12:49 UTC 2026
